<?xml version="1.0"?>
<link_info>
   <banner>TI ARM Linker PC v15.12.3.LTS</banner>
   <copyright>Copyright (c) 1996-2015 Texas Instruments Incorporated</copyright>
   <link_time>0x63e24869</link_time>
   <link_errors>0x0</link_errors>
   <output_file>can test.out</output_file>
   <entry_point>
      <name>_c_int00</name>
      <address>0x7f74</address>
   </entry_point>
   <input_file_list>
      <input_file id="fl-2">
         <path>.\source\</path>
         <kind>object</kind>
         <file>HL_can.obj</file>
         <name>HL_can.obj</name>
      </input_file>
      <input_file id="fl-3">
         <path>.\source\</path>
         <kind>object</kind>
         <file>HL_epc.obj</file>
         <name>HL_epc.obj</name>
      </input_file>
      <input_file id="fl-4">
         <path>.\source\</path>
         <kind>object</kind>
         <file>HL_errata.obj</file>
         <name>HL_errata.obj</name>
      </input_file>
      <input_file id="fl-5">
         <path>.\source\</path>
         <kind>object</kind>
         <file>HL_errata_SSWF021_45.obj</file>
         <name>HL_errata_SSWF021_45.obj</name>
      </input_file>
      <input_file id="fl-6">
         <path>.\source\</path>
         <kind>object</kind>
         <file>HL_esm.obj</file>
         <name>HL_esm.obj</name>
      </input_file>
      <input_file id="fl-7">
         <path>.\source\</path>
         <kind>object</kind>
         <file>HL_nmpu.obj</file>
         <name>HL_nmpu.obj</name>
      </input_file>
      <input_file id="fl-8">
         <path>.\source\</path>
         <kind>object</kind>
         <file>HL_notification.obj</file>
         <name>HL_notification.obj</name>
      </input_file>
      <input_file id="fl-9">
         <path>.\source\</path>
         <kind>object</kind>
         <file>HL_pinmux.obj</file>
         <name>HL_pinmux.obj</name>
      </input_file>
      <input_file id="fl-a">
         <path>.\source\</path>
         <kind>object</kind>
         <file>HL_sys_core.obj</file>
         <name>HL_sys_core.obj</name>
      </input_file>
      <input_file id="fl-b">
         <path>.\source\</path>
         <kind>object</kind>
         <file>HL_sys_dma.obj</file>
         <name>HL_sys_dma.obj</name>
      </input_file>
      <input_file id="fl-c">
         <path>.\source\</path>
         <kind>object</kind>
         <file>HL_sys_intvecs.obj</file>
         <name>HL_sys_intvecs.obj</name>
      </input_file>
      <input_file id="fl-d">
         <path>.\source\</path>
         <kind>object</kind>
         <file>HL_sys_main.obj</file>
         <name>HL_sys_main.obj</name>
      </input_file>
      <input_file id="fl-e">
         <path>.\source\</path>
         <kind>object</kind>
         <file>HL_sys_mpu.obj</file>
         <name>HL_sys_mpu.obj</name>
      </input_file>
      <input_file id="fl-f">
         <path>.\source\</path>
         <kind>object</kind>
         <file>HL_sys_pcr.obj</file>
         <name>HL_sys_pcr.obj</name>
      </input_file>
      <input_file id="fl-10">
         <path>.\source\</path>
         <kind>object</kind>
         <file>HL_sys_phantom.obj</file>
         <name>HL_sys_phantom.obj</name>
      </input_file>
      <input_file id="fl-11">
         <path>.\source\</path>
         <kind>object</kind>
         <file>HL_sys_pmm.obj</file>
         <name>HL_sys_pmm.obj</name>
      </input_file>
      <input_file id="fl-12">
         <path>.\source\</path>
         <kind>object</kind>
         <file>HL_sys_pmu.obj</file>
         <name>HL_sys_pmu.obj</name>
      </input_file>
      <input_file id="fl-13">
         <path>.\source\</path>
         <kind>object</kind>
         <file>HL_sys_startup.obj</file>
         <name>HL_sys_startup.obj</name>
      </input_file>
      <input_file id="fl-14">
         <path>.\source\</path>
         <kind>object</kind>
         <file>HL_sys_vim.obj</file>
         <name>HL_sys_vim.obj</name>
      </input_file>
      <input_file id="fl-15">
         <path>.\source\</path>
         <kind>object</kind>
         <file>HL_system.obj</file>
         <name>HL_system.obj</name>
      </input_file>
      <input_file id="fl-cf">
         <path>C:\ti_texas_instrument_ccstudio\ccsv6\tools\compiler\arm_15.12.3.LTS\lib\</path>
         <kind>archive</kind>
         <file>rtsv7R4_A_be_v3D16_eabi.lib</file>
         <name>autoinit.obj</name>
      </input_file>
      <input_file id="fl-d0">
         <path>C:\ti_texas_instrument_ccstudio\ccsv6\tools\compiler\arm_15.12.3.LTS\lib\</path>
         <kind>archive</kind>
         <file>rtsv7R4_A_be_v3D16_eabi.lib</file>
         <name>copy_decompress_none.obj</name>
      </input_file>
      <input_file id="fl-d1">
         <path>C:\ti_texas_instrument_ccstudio\ccsv6\tools\compiler\arm_15.12.3.LTS\lib\</path>
         <kind>archive</kind>
         <file>rtsv7R4_A_be_v3D16_eabi.lib</file>
         <name>copy_decompress_rle.obj</name>
      </input_file>
      <input_file id="fl-d2">
         <path>C:\ti_texas_instrument_ccstudio\ccsv6\tools\compiler\arm_15.12.3.LTS\lib\</path>
         <kind>archive</kind>
         <file>rtsv7R4_A_be_v3D16_eabi.lib</file>
         <name>copy_zero_init.obj</name>
      </input_file>
      <input_file id="fl-d3">
         <path>C:\ti_texas_instrument_ccstudio\ccsv6\tools\compiler\arm_15.12.3.LTS\lib\</path>
         <kind>archive</kind>
         <file>rtsv7R4_A_be_v3D16_eabi.lib</file>
         <name>cpy_tbl.obj</name>
      </input_file>
      <input_file id="fl-d4">
         <path>C:\ti_texas_instrument_ccstudio\ccsv6\tools\compiler\arm_15.12.3.LTS\lib\</path>
         <kind>archive</kind>
         <file>rtsv7R4_A_be_v3D16_eabi.lib</file>
         <name>defs.obj</name>
      </input_file>
      <input_file id="fl-d5">
         <path>C:\ti_texas_instrument_ccstudio\ccsv6\tools\compiler\arm_15.12.3.LTS\lib\</path>
         <kind>archive</kind>
         <file>rtsv7R4_A_be_v3D16_eabi.lib</file>
         <name>exit.obj</name>
      </input_file>
      <input_file id="fl-d6">
         <path>C:\ti_texas_instrument_ccstudio\ccsv6\tools\compiler\arm_15.12.3.LTS\lib\</path>
         <kind>archive</kind>
         <file>rtsv7R4_A_be_v3D16_eabi.lib</file>
         <name>fflush.obj</name>
      </input_file>
      <input_file id="fl-d7">
         <path>C:\ti_texas_instrument_ccstudio\ccsv6\tools\compiler\arm_15.12.3.LTS\lib\</path>
         <kind>archive</kind>
         <file>rtsv7R4_A_be_v3D16_eabi.lib</file>
         <name>lowlev.obj</name>
      </input_file>
      <input_file id="fl-d8">
         <path>C:\ti_texas_instrument_ccstudio\ccsv6\tools\compiler\arm_15.12.3.LTS\lib\</path>
         <kind>archive</kind>
         <file>rtsv7R4_A_be_v3D16_eabi.lib</file>
         <name>memcpy32.obj</name>
      </input_file>
      <input_file id="fl-d9">
         <path>C:\ti_texas_instrument_ccstudio\ccsv6\tools\compiler\arm_15.12.3.LTS\lib\</path>
         <kind>archive</kind>
         <file>rtsv7R4_A_be_v3D16_eabi.lib</file>
         <name>memset32.obj</name>
      </input_file>
      <input_file id="fl-da">
         <path>C:\ti_texas_instrument_ccstudio\ccsv6\tools\compiler\arm_15.12.3.LTS\lib\</path>
         <kind>archive</kind>
         <file>rtsv7R4_A_be_v3D16_eabi.lib</file>
         <name>printf.obj</name>
      </input_file>
      <input_file id="fl-db">
         <path>C:\ti_texas_instrument_ccstudio\ccsv6\tools\compiler\arm_15.12.3.LTS\lib\</path>
         <kind>archive</kind>
         <file>rtsv7R4_A_be_v3D16_eabi.lib</file>
         <name>startup.obj</name>
      </input_file>
      <input_file id="fl-dc">
         <path>C:\ti_texas_instrument_ccstudio\ccsv6\tools\compiler\arm_15.12.3.LTS\lib\</path>
         <kind>archive</kind>
         <file>rtsv7R4_A_be_v3D16_eabi.lib</file>
         <name>strchr.obj</name>
      </input_file>
      <input_file id="fl-dd">
         <path>C:\ti_texas_instrument_ccstudio\ccsv6\tools\compiler\arm_15.12.3.LTS\lib\</path>
         <kind>archive</kind>
         <file>rtsv7R4_A_be_v3D16_eabi.lib</file>
         <name>strcmp.obj</name>
      </input_file>
      <input_file id="fl-de">
         <path>C:\ti_texas_instrument_ccstudio\ccsv6\tools\compiler\arm_15.12.3.LTS\lib\</path>
         <kind>archive</kind>
         <file>rtsv7R4_A_be_v3D16_eabi.lib</file>
         <name>strncpy.obj</name>
      </input_file>
      <input_file id="fl-df">
         <path>C:\ti_texas_instrument_ccstudio\ccsv6\tools\compiler\arm_15.12.3.LTS\lib\</path>
         <kind>archive</kind>
         <file>rtsv7R4_A_be_v3D16_eabi.lib</file>
         <name>trgdrv.obj</name>
      </input_file>
      <input_file id="fl-e0">
         <path>C:\ti_texas_instrument_ccstudio\ccsv6\tools\compiler\arm_15.12.3.LTS\lib\</path>
         <kind>archive</kind>
         <file>rtsv7R4_A_be_v3D16_eabi.lib</file>
         <name>trgmsg.obj</name>
      </input_file>
      <input_file id="fl-e1">
         <path>C:\ti_texas_instrument_ccstudio\ccsv6\tools\compiler\arm_15.12.3.LTS\lib\</path>
         <kind>archive</kind>
         <file>rtsv7R4_A_be_v3D16_eabi.lib</file>
         <name>_lock.obj</name>
      </input_file>
      <input_file id="fl-e2">
         <path>C:\ti_texas_instrument_ccstudio\ccsv6\tools\compiler\arm_15.12.3.LTS\lib\</path>
         <kind>archive</kind>
         <file>rtsv7R4_A_be_v3D16_eabi.lib</file>
         <name>_printfi.obj</name>
      </input_file>
      <input_file id="fl-e3">
         <path>C:\ti_texas_instrument_ccstudio\ccsv6\tools\compiler\arm_15.12.3.LTS\lib\</path>
         <kind>archive</kind>
         <file>rtsv7R4_A_be_v3D16_eabi.lib</file>
         <name>atoi.obj</name>
      </input_file>
      <input_file id="fl-e4">
         <path>C:\ti_texas_instrument_ccstudio\ccsv6\tools\compiler\arm_15.12.3.LTS\lib\</path>
         <kind>archive</kind>
         <file>rtsv7R4_A_be_v3D16_eabi.lib</file>
         <name>ctype.obj</name>
      </input_file>
      <input_file id="fl-e5">
         <path>C:\ti_texas_instrument_ccstudio\ccsv6\tools\compiler\arm_15.12.3.LTS\lib\</path>
         <kind>archive</kind>
         <file>rtsv7R4_A_be_v3D16_eabi.lib</file>
         <name>fputc.obj</name>
      </input_file>
      <input_file id="fl-e6">
         <path>C:\ti_texas_instrument_ccstudio\ccsv6\tools\compiler\arm_15.12.3.LTS\lib\</path>
         <kind>archive</kind>
         <file>rtsv7R4_A_be_v3D16_eabi.lib</file>
         <name>fputs.obj</name>
      </input_file>
      <input_file id="fl-e7">
         <path>C:\ti_texas_instrument_ccstudio\ccsv6\tools\compiler\arm_15.12.3.LTS\lib\</path>
         <kind>archive</kind>
         <file>rtsv7R4_A_be_v3D16_eabi.lib</file>
         <name>ltoa.obj</name>
      </input_file>
      <input_file id="fl-e8">
         <path>C:\ti_texas_instrument_ccstudio\ccsv6\tools\compiler\arm_15.12.3.LTS\lib\</path>
         <kind>archive</kind>
         <file>rtsv7R4_A_be_v3D16_eabi.lib</file>
         <name>memccpy.obj</name>
      </input_file>
      <input_file id="fl-e9">
         <path>C:\ti_texas_instrument_ccstudio\ccsv6\tools\compiler\arm_15.12.3.LTS\lib\</path>
         <kind>archive</kind>
         <file>rtsv7R4_A_be_v3D16_eabi.lib</file>
         <name>memchr.obj</name>
      </input_file>
      <input_file id="fl-ea">
         <path>C:\ti_texas_instrument_ccstudio\ccsv6\tools\compiler\arm_15.12.3.LTS\lib\</path>
         <kind>archive</kind>
         <file>rtsv7R4_A_be_v3D16_eabi.lib</file>
         <name>s_frexp.obj</name>
      </input_file>
      <input_file id="fl-eb">
         <path>C:\ti_texas_instrument_ccstudio\ccsv6\tools\compiler\arm_15.12.3.LTS\lib\</path>
         <kind>archive</kind>
         <file>rtsv7R4_A_be_v3D16_eabi.lib</file>
         <name>s_scalbn.obj</name>
      </input_file>
      <input_file id="fl-ec">
         <path>C:\ti_texas_instrument_ccstudio\ccsv6\tools\compiler\arm_15.12.3.LTS\lib\</path>
         <kind>archive</kind>
         <file>rtsv7R4_A_be_v3D16_eabi.lib</file>
         <name>strcpy.obj</name>
      </input_file>
      <input_file id="fl-ed">
         <path>C:\ti_texas_instrument_ccstudio\ccsv6\tools\compiler\arm_15.12.3.LTS\lib\</path>
         <kind>archive</kind>
         <file>rtsv7R4_A_be_v3D16_eabi.lib</file>
         <name>strlen.obj</name>
      </input_file>
      <input_file id="fl-ee">
         <path>C:\ti_texas_instrument_ccstudio\ccsv6\tools\compiler\arm_15.12.3.LTS\lib\</path>
         <kind>archive</kind>
         <file>rtsv7R4_A_be_v3D16_eabi.lib</file>
         <name>u_div32.obj</name>
      </input_file>
      <input_file id="fl-ef">
         <path>C:\ti_texas_instrument_ccstudio\ccsv6\tools\compiler\arm_15.12.3.LTS\lib\</path>
         <kind>archive</kind>
         <file>rtsv7R4_A_be_v3D16_eabi.lib</file>
         <name>ull_div32.obj</name>
      </input_file>
      <input_file id="fl-f0">
         <path>C:\ti_texas_instrument_ccstudio\ccsv6\tools\compiler\arm_15.12.3.LTS\lib\</path>
         <kind>archive</kind>
         <file>rtsv7R4_A_be_v3D16_eabi.lib</file>
         <name>_io_perm.obj</name>
      </input_file>
      <input_file id="fl-f1">
         <path>C:\ti_texas_instrument_ccstudio\ccsv6\tools\compiler\arm_15.12.3.LTS\lib\</path>
         <kind>archive</kind>
         <file>rtsv7R4_A_be_v3D16_eabi.lib</file>
         <name>errno.obj</name>
      </input_file>
      <input_file id="fl-f2">
         <path>C:\ti_texas_instrument_ccstudio\ccsv6\tools\compiler\arm_15.12.3.LTS\lib\</path>
         <kind>archive</kind>
         <file>rtsv7R4_A_be_v3D16_eabi.lib</file>
         <name>fseek.obj</name>
      </input_file>
      <input_file id="fl-f3">
         <path>C:\ti_texas_instrument_ccstudio\ccsv6\tools\compiler\arm_15.12.3.LTS\lib\</path>
         <kind>archive</kind>
         <file>rtsv7R4_A_be_v3D16_eabi.lib</file>
         <name>i_div0.obj</name>
      </input_file>
      <input_file id="fl-f4">
         <path>C:\ti_texas_instrument_ccstudio\ccsv6\tools\compiler\arm_15.12.3.LTS\lib\</path>
         <kind>archive</kind>
         <file>rtsv7R4_A_be_v3D16_eabi.lib</file>
         <name>i_div32.obj</name>
      </input_file>
      <input_file id="fl-f5">
         <path>C:\ti_texas_instrument_ccstudio\ccsv6\tools\compiler\arm_15.12.3.LTS\lib\</path>
         <kind>archive</kind>
         <file>rtsv7R4_A_be_v3D16_eabi.lib</file>
         <name>s_copysign.obj</name>
      </input_file>
      <input_file id="fl-f6">
         <path>C:\ti_texas_instrument_ccstudio\ccsv6\tools\compiler\arm_15.12.3.LTS\lib\</path>
         <kind>archive</kind>
         <file>rtsv7R4_A_be_v3D16_eabi.lib</file>
         <name>setvbuf.obj</name>
      </input_file>
      <input_file id="fl-f7">
         <path>C:\ti_texas_instrument_ccstudio\ccsv6\tools\compiler\arm_15.12.3.LTS\lib\</path>
         <kind>archive</kind>
         <file>rtsv7R4_A_be_v3D16_eabi.lib</file>
         <name>fopen.obj</name>
      </input_file>
      <input_file id="fl-f8">
         <path>C:\ti_texas_instrument_ccstudio\ccsv6\tools\compiler\arm_15.12.3.LTS\lib\</path>
         <kind>archive</kind>
         <file>rtsv7R4_A_be_v3D16_eabi.lib</file>
         <name>memory.obj</name>
      </input_file>
      <input_file id="fl-f9">
         <path>C:\ti_texas_instrument_ccstudio\ccsv6\tools\compiler\arm_15.12.3.LTS\lib\</path>
         <kind>archive</kind>
         <file>rtsv7R4_A_be_v3D16_eabi.lib</file>
         <name>fclose.obj</name>
      </input_file>
      <input_file id="fl-fa">
         <path>C:\ti_texas_instrument_ccstudio\ccsv6\tools\compiler\arm_15.12.3.LTS\lib\</path>
         <kind>archive</kind>
         <file>rtsv7R4_A_be_v3D16_eabi.lib</file>
         <name>remove.obj</name>
      </input_file>
   </input_file_list>
   <object_component_list>
      <object_component id="oc-2d">
         <name>.intvecs</name>
         <load_address>0x0</load_address>
         <run_address>0x0</run_address>
         <size>0x20</size>
         <input_file_ref idref="fl-c"/>
      </object_component>
      <object_component id="oc-1c3">
         <name>.text</name>
         <load_address>0x20</load_address>
         <run_address>0x20</run_address>
         <size>0x1904</size>
         <input_file_ref idref="fl-e2"/>
      </object_component>
      <object_component id="oc-112">
         <name>.text</name>
         <load_address>0x1924</load_address>
         <run_address>0x1924</run_address>
         <size>0xdd0</size>
         <input_file_ref idref="fl-2"/>
      </object_component>
      <object_component id="oc-e0">
         <name>.text</name>
         <load_address>0x26f4</load_address>
         <run_address>0x26f4</run_address>
         <size>0x9c0</size>
         <input_file_ref idref="fl-9"/>
      </object_component>
      <object_component id="oc-71">
         <name>.text</name>
         <load_address>0x30b4</load_address>
         <run_address>0x30b4</run_address>
         <size>0x998</size>
         <input_file_ref idref="fl-15"/>
      </object_component>
      <object_component id="oc-39">
         <name>.text</name>
         <load_address>0x3a4c</load_address>
         <run_address>0x3a4c</run_address>
         <size>0x938</size>
         <input_file_ref idref="fl-14"/>
      </object_component>
      <object_component id="oc-89">
         <name>.text</name>
         <load_address>0x4384</load_address>
         <run_address>0x4384</run_address>
         <size>0x7c4</size>
         <input_file_ref idref="fl-6"/>
      </object_component>
      <object_component id="oc-77">
         <name>.text</name>
         <load_address>0x4b48</load_address>
         <run_address>0x4b48</run_address>
         <size>0x664</size>
         <input_file_ref idref="fl-5"/>
      </object_component>
      <object_component id="oc-2f7">
         <name>.text</name>
         <load_address>0x51ac</load_address>
         <run_address>0x51ac</run_address>
         <size>0x63c</size>
         <input_file_ref idref="fl-f8"/>
      </object_component>
      <object_component id="oc-285">
         <name>.text</name>
         <load_address>0x57e8</load_address>
         <run_address>0x57e8</run_address>
         <size>0x550</size>
         <input_file_ref idref="fl-df"/>
      </object_component>
      <object_component id="oc-1a3">
         <name>.text</name>
         <load_address>0x5d38</load_address>
         <run_address>0x5d38</run_address>
         <size>0x548</size>
         <input_file_ref idref="fl-d7"/>
      </object_component>
      <object_component id="oc-6c">
         <name>.text</name>
         <load_address>0x6280</load_address>
         <run_address>0x6280</run_address>
         <size>0x3c4</size>
         <input_file_ref idref="fl-a"/>
      </object_component>
      <object_component id="oc-8f">
         <name>.text</name>
         <load_address>0x6644</load_address>
         <run_address>0x6644</run_address>
         <size>0x36c</size>
         <input_file_ref idref="fl-e"/>
      </object_component>
      <object_component id="oc-38">
         <name>.text:retain</name>
         <load_address>0x69b0</load_address>
         <run_address>0x69b0</run_address>
         <size>0x33c</size>
         <input_file_ref idref="fl-14"/>
      </object_component>
      <object_component id="oc-2fd">
         <name>.text</name>
         <load_address>0x6cec</load_address>
         <run_address>0x6cec</run_address>
         <size>0x2d4</size>
         <input_file_ref idref="fl-f7"/>
      </object_component>
      <object_component id="oc-239">
         <name>.text</name>
         <load_address>0x6fc0</load_address>
         <run_address>0x6fc0</run_address>
         <size>0x2b8</size>
         <input_file_ref idref="fl-ef"/>
      </object_component>
      <object_component id="oc-1bd">
         <name>.text</name>
         <load_address>0x7278</load_address>
         <run_address>0x7278</run_address>
         <size>0x1d4</size>
         <input_file_ref idref="fl-e6"/>
      </object_component>
      <object_component id="oc-47">
         <name>.text</name>
         <load_address>0x744c</load_address>
         <run_address>0x744c</run_address>
         <size>0x180</size>
         <input_file_ref idref="fl-d8"/>
      </object_component>
      <object_component id="oc-24">
         <name>.text:retain</name>
         <load_address>0x75cc</load_address>
         <run_address>0x75cc</run_address>
         <size>0x178</size>
         <input_file_ref idref="fl-6"/>
      </object_component>
      <object_component id="oc-9a">
         <name>.text</name>
         <load_address>0x7744</load_address>
         <run_address>0x7744</run_address>
         <size>0x16c</size>
         <input_file_ref idref="fl-d"/>
      </object_component>
      <object_component id="oc-29a">
         <name>.text</name>
         <load_address>0x78b0</load_address>
         <run_address>0x78b0</run_address>
         <size>0x158</size>
         <input_file_ref idref="fl-f6"/>
      </object_component>
      <object_component id="oc-10c">
         <name>.text</name>
         <load_address>0x7a08</load_address>
         <run_address>0x7a08</run_address>
         <size>0x130</size>
         <input_file_ref idref="fl-d6"/>
      </object_component>
      <object_component id="oc-24f">
         <name>.text</name>
         <load_address>0x7b38</load_address>
         <run_address>0x7b38</run_address>
         <size>0x11c</size>
         <input_file_ref idref="fl-eb"/>
      </object_component>
      <object_component id="oc-223">
         <name>.text</name>
         <load_address>0x7c54</load_address>
         <run_address>0x7c54</run_address>
         <size>0x118</size>
         <input_file_ref idref="fl-f0"/>
      </object_component>
      <object_component id="oc-1b7">
         <name>.text</name>
         <load_address>0x7d6c</load_address>
         <run_address>0x7d6c</run_address>
         <size>0x10c</size>
         <input_file_ref idref="fl-e5"/>
      </object_component>
      <object_component id="oc-333">
         <name>.text</name>
         <load_address>0x7e78</load_address>
         <run_address>0x7e78</run_address>
         <size>0xfc</size>
         <input_file_ref idref="fl-f9"/>
      </object_component>
      <object_component id="oc-1e">
         <name>.text:retain</name>
         <load_address>0x7f74</load_address>
         <run_address>0x7f74</run_address>
         <size>0xd8</size>
         <input_file_ref idref="fl-13"/>
      </object_component>
      <object_component id="oc-60">
         <name>.text</name>
         <load_address>0x804c</load_address>
         <run_address>0x804c</run_address>
         <size>0xb0</size>
         <input_file_ref idref="fl-d9"/>
      </object_component>
      <object_component id="oc-94">
         <name>.text</name>
         <load_address>0x80fc</load_address>
         <run_address>0x80fc</run_address>
         <size>0xa8</size>
         <input_file_ref idref="fl-cf"/>
      </object_component>
      <object_component id="oc-294">
         <name>.text</name>
         <load_address>0x81a4</load_address>
         <run_address>0x81a4</run_address>
         <size>0xa8</size>
         <input_file_ref idref="fl-f2"/>
      </object_component>
      <object_component id="oc-118">
         <name>.text</name>
         <load_address>0x824c</load_address>
         <run_address>0x824c</run_address>
         <size>0xa4</size>
         <input_file_ref idref="fl-da"/>
      </object_component>
      <object_component id="oc-2df">
         <name>.text</name>
         <load_address>0x82f0</load_address>
         <run_address>0x82f0</run_address>
         <size>0xa4</size>
         <input_file_ref idref="fl-e0"/>
      </object_component>
      <object_component id="oc-83">
         <name>.text</name>
         <load_address>0x8394</load_address>
         <run_address>0x8394</run_address>
         <size>0x9c</size>
         <input_file_ref idref="fl-8"/>
      </object_component>
      <object_component id="oc-53">
         <name>.text</name>
         <load_address>0x8430</load_address>
         <run_address>0x8430</run_address>
         <size>0x9c</size>
         <input_file_ref idref="fl-d1"/>
      </object_component>
      <object_component id="oc-a0">
         <name>.text</name>
         <load_address>0x84cc</load_address>
         <run_address>0x84cc</run_address>
         <size>0x90</size>
         <input_file_ref idref="fl-d5"/>
      </object_component>
      <object_component id="oc-249">
         <name>.text</name>
         <load_address>0x855c</load_address>
         <run_address>0x855c</run_address>
         <size>0x8c</size>
         <input_file_ref idref="fl-ea"/>
      </object_component>
      <object_component id="oc-25b">
         <name>.text</name>
         <load_address>0x85e8</load_address>
         <run_address>0x85e8</run_address>
         <size>0x84</size>
         <input_file_ref idref="fl-e3"/>
      </object_component>
      <object_component id="oc-fe">
         <name>.text</name>
         <load_address>0x866c</load_address>
         <run_address>0x866c</run_address>
         <size>0x84</size>
         <input_file_ref idref="fl-d3"/>
      </object_component>
      <object_component id="oc-243">
         <name>.text</name>
         <load_address>0x86f0</load_address>
         <run_address>0x86f0</run_address>
         <size>0x80</size>
         <input_file_ref idref="fl-e7"/>
      </object_component>
      <object_component id="oc-2b2">
         <name>.text</name>
         <load_address>0x8770</load_address>
         <run_address>0x8770</run_address>
         <size>0x54</size>
         <input_file_ref idref="fl-f4"/>
      </object_component>
      <object_component id="oc-23e">
         <name>.text</name>
         <load_address>0x87c4</load_address>
         <run_address>0x87c4</run_address>
         <size>0x50</size>
         <input_file_ref idref="fl-ee"/>
      </object_component>
      <object_component id="oc-207">
         <name>.text</name>
         <load_address>0x8814</load_address>
         <run_address>0x8814</run_address>
         <size>0x48</size>
         <input_file_ref idref="fl-de"/>
      </object_component>
      <object_component id="oc-255">
         <name>.text</name>
         <load_address>0x885c</load_address>
         <run_address>0x885c</run_address>
         <size>0x2c</size>
         <input_file_ref idref="fl-e8"/>
      </object_component>
      <object_component id="oc-231">
         <name>.text</name>
         <load_address>0x8888</load_address>
         <run_address>0x8888</run_address>
         <size>0x2c</size>
         <input_file_ref idref="fl-e9"/>
      </object_component>
      <object_component id="oc-201">
         <name>.text</name>
         <load_address>0x88b4</load_address>
         <run_address>0x88b4</run_address>
         <size>0x28</size>
         <input_file_ref idref="fl-dc"/>
      </object_component>
      <object_component id="oc-1fb">
         <name>.text</name>
         <load_address>0x88dc</load_address>
         <run_address>0x88dc</run_address>
         <size>0x28</size>
         <input_file_ref idref="fl-dd"/>
      </object_component>
      <object_component id="oc-1e1">
         <name>.text</name>
         <load_address>0x8904</load_address>
         <run_address>0x8904</run_address>
         <size>0x24</size>
         <input_file_ref idref="fl-e1"/>
      </object_component>
      <object_component id="oc-22b">
         <name>.text</name>
         <load_address>0x8928</load_address>
         <run_address>0x8928</run_address>
         <size>0x20</size>
         <input_file_ref idref="fl-ed"/>
      </object_component>
      <object_component id="oc-2c0">
         <name>.text</name>
         <load_address>0x8948</load_address>
         <run_address>0x8948</run_address>
         <size>0x1c</size>
         <input_file_ref idref="fl-f5"/>
      </object_component>
      <object_component id="oc-2e5">
         <name>.text</name>
         <load_address>0x8964</load_address>
         <run_address>0x8964</run_address>
         <size>0x18</size>
         <input_file_ref idref="fl-ec"/>
      </object_component>
      <object_component id="oc-c">
         <name>.text:decompress:none</name>
         <load_address>0x897c</load_address>
         <run_address>0x897c</run_address>
         <size>0x14</size>
         <input_file_ref idref="fl-d0"/>
      </object_component>
      <object_component id="oc-12">
         <name>.text:decompress:rle24</name>
         <load_address>0x8990</load_address>
         <run_address>0x8990</run_address>
         <size>0x8</size>
         <input_file_ref idref="fl-d1"/>
      </object_component>
      <object_component id="oc-7d">
         <name>.text</name>
         <load_address>0x8998</load_address>
         <run_address>0x8998</run_address>
         <size>0x4</size>
         <input_file_ref idref="fl-13"/>
      </object_component>
      <object_component id="oc-32">
         <name>.text:retain</name>
         <load_address>0x899c</load_address>
         <run_address>0x899c</run_address>
         <size>0x4</size>
         <input_file_ref idref="fl-10"/>
      </object_component>
      <object_component id="oc-2ab">
         <name>.text</name>
         <load_address>0x89a0</load_address>
         <run_address>0x89a0</run_address>
         <size>0x4</size>
         <input_file_ref idref="fl-f3"/>
      </object_component>
      <object_component id="oc-104">
         <name>.text</name>
         <load_address>0x89a4</load_address>
         <run_address>0x89a4</run_address>
         <size>0x4</size>
         <input_file_ref idref="fl-db"/>
      </object_component>
      <object_component id="oc-2a">
         <name>.const:s_vim_init</name>
         <load_address>0x89c0</load_address>
         <run_address>0x89c0</run_address>
         <size>0x200</size>
         <input_file_ref idref="fl-14"/>
      </object_component>
      <object_component id="oc-2cd">
         <name>.const:.string:_ctypes_</name>
         <load_address>0x8bc0</load_address>
         <run_address>0x8bc0</run_address>
         <size>0x101</size>
         <input_file_ref idref="fl-e4"/>
      </object_component>
      <object_component id="oc-1ae">
         <name>.const:s_canByteOrder</name>
         <load_address>0x8cc4</load_address>
         <run_address>0x8cc4</run_address>
         <size>0x20</size>
         <input_file_ref idref="fl-2"/>
      </object_component>
      <object_component id="oc-36e">
         <name>.cinit..data.load</name>
         <load_address>0x8d00</load_address>
         <run_address>0x8d00</run_address>
         <size>0x8a</size>
      </object_component>
      <object_component id="oc-36d">
         <name>.cinit..bss.load</name>
         <load_address>0x8d90</load_address>
         <run_address>0x8d90</run_address>
         <size>0xb</size>
      </object_component>
      <object_component id="oc-36b">
         <name>__TI_handler_table</name>
         <load_address>0x8d9c</load_address>
         <run_address>0x8d9c</run_address>
         <size>0x8</size>
      </object_component>
      <object_component id="oc-36c">
         <name>__TI_cinit_table</name>
         <load_address>0x8da4</load_address>
         <run_address>0x8da4</run_address>
         <size>0x10</size>
      </object_component>
      <object_component id="oc-2eb">
         <name>.bss:parmbuf</name>
         <uninitialized>true</uninitialized>
         <run_address>0x80020cc</run_address>
         <size>0x8</size>
         <input_file_ref idref="fl-df"/>
      </object_component>
      <object_component id="oc-322">
         <name>.bss:_CIOBUF_</name>
         <uninitialized>true</uninitialized>
         <run_address>0x8001f0c</run_address>
         <size>0x120</size>
         <input_file_ref idref="fl-e0"/>
      </object_component>
      <object_component id="oc-348">
         <name>.common:__TI_tmpnams</name>
         <uninitialized>true</uninitialized>
         <run_address>0x800202c</run_address>
         <size>0xa0</size>
      </object_component>
      <object_component id="oc-121">
         <name>.data:tx_data</name>
         <load_address>0x8001ef1</load_address>
         <run_address>0x8001ef1</run_address>
         <size>0x9</size>
         <input_file_ref idref="fl-d"/>
      </object_component>
      <object_component id="oc-124">
         <name>.data:rx_data</name>
         <load_address>0x8001ee8</load_address>
         <run_address>0x8001ee8</run_address>
         <size>0x9</size>
         <input_file_ref idref="fl-d"/>
      </object_component>
      <object_component id="oc-11e">
         <name>.data:_ftable</name>
         <load_address>0x8001d00</load_address>
         <run_address>0x8001d00</run_address>
         <size>0xf0</size>
         <input_file_ref idref="fl-d4"/>
      </object_component>
      <object_component id="oc-1a9">
         <name>.data</name>
         <load_address>0x8001ec0</load_address>
         <run_address>0x8001ec0</run_address>
         <size>0x10</size>
         <input_file_ref idref="fl-d4"/>
      </object_component>
      <object_component id="oc-129">
         <name>.data:$O1$$</name>
         <load_address>0x8001ed0</load_address>
         <run_address>0x8001ed0</run_address>
         <size>0xc</size>
         <input_file_ref idref="fl-d5"/>
      </object_component>
      <object_component id="oc-20d">
         <name>.data:$O1$$</name>
         <load_address>0x8001df0</load_address>
         <run_address>0x8001df0</run_address>
         <size>0xd0</size>
         <input_file_ref idref="fl-d7"/>
      </object_component>
      <object_component id="oc-12c">
         <name>.data:$O1$$</name>
         <load_address>0x8001efc</load_address>
         <run_address>0x8001efc</run_address>
         <size>0x8</size>
         <input_file_ref idref="fl-e1"/>
      </object_component>
      <object_component id="oc-2c6">
         <name>.data</name>
         <load_address>0x8001f04</load_address>
         <run_address>0x8001f04</run_address>
         <size>0x4</size>
         <input_file_ref idref="fl-f1"/>
      </object_component>
      <object_component id="oc-339">
         <name>.data</name>
         <load_address>0x8001f08</load_address>
         <run_address>0x8001f08</run_address>
         <size>0x4</size>
         <input_file_ref idref="fl-f7"/>
      </object_component>
      <object_component id="oc-32f">
         <name>.data:$O1$$</name>
         <load_address>0x8001edc</load_address>
         <run_address>0x8001edc</run_address>
         <size>0xc</size>
         <input_file_ref idref="fl-f8"/>
      </object_component>
      <object_component id="oc-44">
         <name>.sysmem</name>
         <uninitialized>true</uninitialized>
         <run_address>0x8001500</run_address>
         <size>0x8</size>
         <input_file_ref idref="fl-f8"/>
      </object_component>
      <object_component id="oc-36f">
         <name>.sysmem</name>
         <uninitialized>true</uninitialized>
         <run_address>0x8001500</run_address>
         <size>0x0</size>
      </object_component>
      <object_component id="oc-166">
         <name>.debug_info</name>
         <load_address>0x0</load_address>
         <run_address>0x0</run_address>
         <size>0x1b9</size>
         <input_file_ref idref="fl-2"/>
      </object_component>
      <object_component id="oc-1af">
         <name>.debug_info</name>
         <load_address>0x1b9</load_address>
         <run_address>0x1b9</run_address>
         <size>0xe6</size>
         <input_file_ref idref="fl-2"/>
      </object_component>
      <object_component id="oc-113">
         <name>.debug_info</name>
         <load_address>0x29f</load_address>
         <run_address>0x29f</run_address>
         <size>0x153a</size>
         <input_file_ref idref="fl-2"/>
      </object_component>
      <object_component id="oc-ad">
         <name>.debug_info</name>
         <load_address>0x17d9</load_address>
         <run_address>0x17d9</run_address>
         <size>0x157</size>
         <input_file_ref idref="fl-2"/>
      </object_component>
      <object_component id="oc-1da">
         <name>.debug_info</name>
         <load_address>0x1930</load_address>
         <run_address>0x1930</run_address>
         <size>0xc8</size>
         <input_file_ref idref="fl-2"/>
      </object_component>
      <object_component id="oc-137">
         <name>.debug_info</name>
         <load_address>0x19f8</load_address>
         <run_address>0x19f8</run_address>
         <size>0x8b</size>
         <input_file_ref idref="fl-2"/>
      </object_component>
      <object_component id="oc-b8">
         <name>.debug_info</name>
         <load_address>0x1a83</load_address>
         <run_address>0x1a83</run_address>
         <size>0x18c</size>
         <input_file_ref idref="fl-2"/>
      </object_component>
      <object_component id="oc-132">
         <name>.debug_info</name>
         <load_address>0x1c0f</load_address>
         <run_address>0x1c0f</run_address>
         <size>0x18b</size>
         <input_file_ref idref="fl-2"/>
      </object_component>
      <object_component id="oc-bd">
         <name>.debug_info</name>
         <load_address>0x1d9a</load_address>
         <run_address>0x1d9a</run_address>
         <size>0x86</size>
         <input_file_ref idref="fl-2"/>
      </object_component>
      <object_component id="oc-1cb">
         <name>.debug_info</name>
         <load_address>0x1e20</load_address>
         <run_address>0x1e20</run_address>
         <size>0x4e</size>
         <input_file_ref idref="fl-2"/>
      </object_component>
      <object_component id="oc-188">
         <name>.debug_info</name>
         <load_address>0x1e6e</load_address>
         <run_address>0x1e6e</run_address>
         <size>0x49b</size>
         <input_file_ref idref="fl-2"/>
      </object_component>
      <object_component id="oc-1b2">
         <name>.debug_info</name>
         <load_address>0x2309</load_address>
         <run_address>0x2309</run_address>
         <size>0x15f</size>
         <input_file_ref idref="fl-2"/>
      </object_component>
      <object_component id="oc-15c">
         <name>.debug_info</name>
         <load_address>0x2468</load_address>
         <run_address>0x2468</run_address>
         <size>0x36d</size>
         <input_file_ref idref="fl-2"/>
      </object_component>
      <object_component id="oc-1ed">
         <name>.debug_info</name>
         <load_address>0x27d5</load_address>
         <run_address>0x27d5</run_address>
         <size>0x1d6</size>
         <input_file_ref idref="fl-3"/>
      </object_component>
      <object_component id="oc-a7">
         <name>.debug_info</name>
         <load_address>0x29ab</load_address>
         <run_address>0x29ab</run_address>
         <size>0x429</size>
         <input_file_ref idref="fl-3"/>
      </object_component>
      <object_component id="oc-13e">
         <name>.debug_info</name>
         <load_address>0x2dd4</load_address>
         <run_address>0x2dd4</run_address>
         <size>0x102</size>
         <input_file_ref idref="fl-3"/>
      </object_component>
      <object_component id="oc-18d">
         <name>.debug_info</name>
         <load_address>0x2ed6</load_address>
         <run_address>0x2ed6</run_address>
         <size>0x142</size>
         <input_file_ref idref="fl-3"/>
      </object_component>
      <object_component id="oc-143">
         <name>.debug_info</name>
         <load_address>0x3018</load_address>
         <run_address>0x3018</run_address>
         <size>0x285</size>
         <input_file_ref idref="fl-3"/>
      </object_component>
      <object_component id="oc-148">
         <name>.debug_info</name>
         <load_address>0x329d</load_address>
         <run_address>0x329d</run_address>
         <size>0x44a</size>
         <input_file_ref idref="fl-3"/>
      </object_component>
      <object_component id="oc-14d">
         <name>.debug_info</name>
         <load_address>0x36e7</load_address>
         <run_address>0x36e7</run_address>
         <size>0x1f9</size>
         <input_file_ref idref="fl-3"/>
      </object_component>
      <object_component id="oc-152">
         <name>.debug_info</name>
         <load_address>0x38e0</load_address>
         <run_address>0x38e0</run_address>
         <size>0x152</size>
         <input_file_ref idref="fl-3"/>
      </object_component>
      <object_component id="oc-157">
         <name>.debug_info</name>
         <load_address>0x3a32</load_address>
         <run_address>0x3a32</run_address>
         <size>0x70a</size>
         <input_file_ref idref="fl-3"/>
      </object_component>
      <object_component id="oc-180">
         <name>.debug_info</name>
         <load_address>0x413c</load_address>
         <run_address>0x413c</run_address>
         <size>0x122</size>
         <input_file_ref idref="fl-5"/>
      </object_component>
      <object_component id="oc-79">
         <name>.debug_info</name>
         <load_address>0x425e</load_address>
         <run_address>0x425e</run_address>
         <size>0x65b</size>
         <input_file_ref idref="fl-5"/>
      </object_component>
      <object_component id="oc-cf">
         <name>.debug_info</name>
         <load_address>0x48b9</load_address>
         <run_address>0x48b9</run_address>
         <size>0x84</size>
         <input_file_ref idref="fl-5"/>
      </object_component>
      <object_component id="oc-e9">
         <name>.debug_info</name>
         <load_address>0x493d</load_address>
         <run_address>0x493d</run_address>
         <size>0x9e7</size>
         <input_file_ref idref="fl-5"/>
      </object_component>
      <object_component id="oc-fc">
         <name>.debug_info</name>
         <load_address>0x5324</load_address>
         <run_address>0x5324</run_address>
         <size>0x1a2</size>
         <input_file_ref idref="fl-6"/>
      </object_component>
      <object_component id="oc-8b">
         <name>.debug_info</name>
         <load_address>0x54c6</load_address>
         <run_address>0x54c6</run_address>
         <size>0x10c3</size>
         <input_file_ref idref="fl-6"/>
      </object_component>
      <object_component id="oc-25">
         <name>.debug_info</name>
         <load_address>0x6589</load_address>
         <run_address>0x6589</run_address>
         <size>0x1ab</size>
         <input_file_ref idref="fl-6"/>
      </object_component>
      <object_component id="oc-f7">
         <name>.debug_info</name>
         <load_address>0x6734</load_address>
         <run_address>0x6734</run_address>
         <size>0x168</size>
         <input_file_ref idref="fl-6"/>
      </object_component>
      <object_component id="oc-f0">
         <name>.debug_info</name>
         <load_address>0x689c</load_address>
         <run_address>0x689c</run_address>
         <size>0x1f5</size>
         <input_file_ref idref="fl-8"/>
      </object_component>
      <object_component id="oc-84">
         <name>.debug_info</name>
         <load_address>0x6a91</load_address>
         <run_address>0x6a91</run_address>
         <size>0x819</size>
         <input_file_ref idref="fl-8"/>
      </object_component>
      <object_component id="oc-183">
         <name>.debug_info</name>
         <load_address>0x72aa</load_address>
         <run_address>0x72aa</run_address>
         <size>0xadd</size>
         <input_file_ref idref="fl-8"/>
      </object_component>
      <object_component id="oc-f1">
         <name>.debug_info</name>
         <load_address>0x7d87</load_address>
         <run_address>0x7d87</run_address>
         <size>0x6eb</size>
         <input_file_ref idref="fl-8"/>
      </object_component>
      <object_component id="oc-1f1">
         <name>.debug_info</name>
         <load_address>0x8472</load_address>
         <run_address>0x8472</run_address>
         <size>0x109</size>
         <input_file_ref idref="fl-9"/>
      </object_component>
      <object_component id="oc-e1">
         <name>.debug_info</name>
         <load_address>0x857b</load_address>
         <run_address>0x857b</run_address>
         <size>0x11f</size>
         <input_file_ref idref="fl-9"/>
      </object_component>
      <object_component id="oc-17b">
         <name>.debug_info</name>
         <load_address>0x869a</load_address>
         <run_address>0x869a</run_address>
         <size>0x199</size>
         <input_file_ref idref="fl-9"/>
      </object_component>
      <object_component id="oc-6d">
         <name>.debug_info</name>
         <load_address>0x8833</load_address>
         <run_address>0x8833</run_address>
         <size>0x815</size>
         <input_file_ref idref="fl-a"/>
      </object_component>
      <object_component id="oc-2e">
         <name>.debug_info</name>
         <load_address>0x9048</load_address>
         <run_address>0x9048</run_address>
         <size>0x10b</size>
         <input_file_ref idref="fl-c"/>
      </object_component>
      <object_component id="oc-128">
         <name>.debug_info</name>
         <load_address>0x9153</load_address>
         <run_address>0x9153</run_address>
         <size>0x313</size>
         <input_file_ref idref="fl-d"/>
      </object_component>
      <object_component id="oc-122">
         <name>.debug_info</name>
         <load_address>0x9466</load_address>
         <run_address>0x9466</run_address>
         <size>0xde</size>
         <input_file_ref idref="fl-d"/>
      </object_component>
      <object_component id="oc-125">
         <name>.debug_info</name>
         <load_address>0x9544</load_address>
         <run_address>0x9544</run_address>
         <size>0xde</size>
         <input_file_ref idref="fl-d"/>
      </object_component>
      <object_component id="oc-9d">
         <name>.debug_info</name>
         <load_address>0x9622</load_address>
         <run_address>0x9622</run_address>
         <size>0x30f</size>
         <input_file_ref idref="fl-d"/>
      </object_component>
      <object_component id="oc-91">
         <name>.debug_info</name>
         <load_address>0x9931</load_address>
         <run_address>0x9931</run_address>
         <size>0x442</size>
         <input_file_ref idref="fl-e"/>
      </object_component>
      <object_component id="oc-1f0">
         <name>.debug_info</name>
         <load_address>0x9d73</load_address>
         <run_address>0x9d73</run_address>
         <size>0x14a</size>
         <input_file_ref idref="fl-f"/>
      </object_component>
      <object_component id="oc-176">
         <name>.debug_info</name>
         <load_address>0x9ebd</load_address>
         <run_address>0x9ebd</run_address>
         <size>0x457</size>
         <input_file_ref idref="fl-f"/>
      </object_component>
      <object_component id="oc-36">
         <name>.debug_info</name>
         <load_address>0xa314</load_address>
         <run_address>0xa314</run_address>
         <size>0x140</size>
         <input_file_ref idref="fl-10"/>
      </object_component>
      <object_component id="oc-21">
         <name>.debug_info</name>
         <load_address>0xa454</load_address>
         <run_address>0xa454</run_address>
         <size>0x2e0</size>
         <input_file_ref idref="fl-13"/>
      </object_component>
      <object_component id="oc-80">
         <name>.debug_info</name>
         <load_address>0xa734</load_address>
         <run_address>0xa734</run_address>
         <size>0x139</size>
         <input_file_ref idref="fl-13"/>
      </object_component>
      <object_component id="oc-b4">
         <name>.debug_info</name>
         <load_address>0xa86d</load_address>
         <run_address>0xa86d</run_address>
         <size>0x2a5</size>
         <input_file_ref idref="fl-14"/>
      </object_component>
      <object_component id="oc-2b">
         <name>.debug_info</name>
         <load_address>0xab12</load_address>
         <run_address>0xab12</run_address>
         <size>0xe2</size>
         <input_file_ref idref="fl-14"/>
      </object_component>
      <object_component id="oc-3a">
         <name>.debug_info</name>
         <load_address>0xabf4</load_address>
         <run_address>0xabf4</run_address>
         <size>0x492</size>
         <input_file_ref idref="fl-14"/>
      </object_component>
      <object_component id="oc-40">
         <name>.debug_info</name>
         <load_address>0xb086</load_address>
         <run_address>0xb086</run_address>
         <size>0x1fd</size>
         <input_file_ref idref="fl-14"/>
      </object_component>
      <object_component id="oc-161">
         <name>.debug_info</name>
         <load_address>0xb283</load_address>
         <run_address>0xb283</run_address>
         <size>0x4f</size>
         <input_file_ref idref="fl-14"/>
      </object_component>
      <object_component id="oc-e7">
         <name>.debug_info</name>
         <load_address>0xb2d2</load_address>
         <run_address>0xb2d2</run_address>
         <size>0x238</size>
         <input_file_ref idref="fl-15"/>
      </object_component>
      <object_component id="oc-72">
         <name>.debug_info</name>
         <load_address>0xb50a</load_address>
         <run_address>0xb50a</run_address>
         <size>0x63f</size>
         <input_file_ref idref="fl-15"/>
      </object_component>
      <object_component id="oc-10b">
         <name>.debug_info</name>
         <load_address>0xbb49</load_address>
         <run_address>0xbb49</run_address>
         <size>0x2c0</size>
         <input_file_ref idref="fl-cf"/>
      </object_component>
      <object_component id="oc-96">
         <name>.debug_info</name>
         <load_address>0xbe09</load_address>
         <run_address>0xbe09</run_address>
         <size>0x167</size>
         <input_file_ref idref="fl-cf"/>
      </object_component>
      <object_component id="oc-199">
         <name>.debug_info</name>
         <load_address>0xbf70</load_address>
         <run_address>0xbf70</run_address>
         <size>0x39</size>
         <input_file_ref idref="fl-cf"/>
      </object_component>
      <object_component id="oc-19e">
         <name>.debug_info</name>
         <load_address>0xbfa9</load_address>
         <run_address>0xbfa9</run_address>
         <size>0xcd</size>
         <input_file_ref idref="fl-cf"/>
      </object_component>
      <object_component id="oc-52">
         <name>.debug_info</name>
         <load_address>0xc076</load_address>
         <run_address>0xc076</run_address>
         <size>0x112</size>
         <input_file_ref idref="fl-d0"/>
      </object_component>
      <object_component id="oc-d">
         <name>.debug_info</name>
         <load_address>0xc188</load_address>
         <run_address>0xc188</run_address>
         <size>0x1a1</size>
         <input_file_ref idref="fl-d0"/>
      </object_component>
      <object_component id="oc-4d">
         <name>.debug_info</name>
         <load_address>0xc329</load_address>
         <run_address>0xc329</run_address>
         <size>0x46</size>
         <input_file_ref idref="fl-d0"/>
      </object_component>
      <object_component id="oc-c8">
         <name>.debug_info</name>
         <load_address>0xc36f</load_address>
         <run_address>0xc36f</run_address>
         <size>0x2c</size>
         <input_file_ref idref="fl-d0"/>
      </object_component>
      <object_component id="oc-5a">
         <name>.debug_info</name>
         <load_address>0xc39b</load_address>
         <run_address>0xc39b</run_address>
         <size>0x10b</size>
         <input_file_ref idref="fl-d1"/>
      </object_component>
      <object_component id="oc-54">
         <name>.debug_info</name>
         <load_address>0xc4a6</load_address>
         <run_address>0xc4a6</run_address>
         <size>0x21e</size>
         <input_file_ref idref="fl-d1"/>
      </object_component>
      <object_component id="oc-13">
         <name>.debug_info</name>
         <load_address>0xc6c4</load_address>
         <run_address>0xc6c4</run_address>
         <size>0x188</size>
         <input_file_ref idref="fl-d1"/>
      </object_component>
      <object_component id="oc-5b">
         <name>.debug_info</name>
         <load_address>0xc84c</load_address>
         <run_address>0xc84c</run_address>
         <size>0x39</size>
         <input_file_ref idref="fl-d1"/>
      </object_component>
      <object_component id="oc-d7">
         <name>.debug_info</name>
         <load_address>0xc885</load_address>
         <run_address>0xc885</run_address>
         <size>0x2c</size>
         <input_file_ref idref="fl-d1"/>
      </object_component>
      <object_component id="oc-195">
         <name>.debug_info</name>
         <load_address>0xc8b1</load_address>
         <run_address>0xc8b1</run_address>
         <size>0x1b7</size>
         <input_file_ref idref="fl-d3"/>
      </object_component>
      <object_component id="oc-ff">
         <name>.debug_info</name>
         <load_address>0xca68</load_address>
         <run_address>0xca68</run_address>
         <size>0x15a</size>
         <input_file_ref idref="fl-d3"/>
      </object_component>
      <object_component id="oc-1f6">
         <name>.debug_info</name>
         <load_address>0xcbc2</load_address>
         <run_address>0xcbc2</run_address>
         <size>0x2c</size>
         <input_file_ref idref="fl-d3"/>
      </object_component>
      <object_component id="oc-1d2">
         <name>.debug_info</name>
         <load_address>0xcbee</load_address>
         <run_address>0xcbee</run_address>
         <size>0x110</size>
         <input_file_ref idref="fl-d4"/>
      </object_component>
      <object_component id="oc-11f">
         <name>.debug_info</name>
         <load_address>0xccfe</load_address>
         <run_address>0xccfe</run_address>
         <size>0xce</size>
         <input_file_ref idref="fl-d4"/>
      </object_component>
      <object_component id="oc-1aa">
         <name>.debug_info</name>
         <load_address>0xcdcc</load_address>
         <run_address>0xcdcc</run_address>
         <size>0x15b</size>
         <input_file_ref idref="fl-d4"/>
      </object_component>
      <object_component id="oc-21c">
         <name>.debug_info</name>
         <load_address>0xcf27</load_address>
         <run_address>0xcf27</run_address>
         <size>0xae</size>
         <input_file_ref idref="fl-d4"/>
      </object_component>
      <object_component id="oc-130">
         <name>.debug_info</name>
         <load_address>0xcfd5</load_address>
         <run_address>0xcfd5</run_address>
         <size>0x20b</size>
         <input_file_ref idref="fl-d5"/>
      </object_component>
      <object_component id="oc-12a">
         <name>.debug_info</name>
         <load_address>0xd1e0</load_address>
         <run_address>0xd1e0</run_address>
         <size>0x15c</size>
         <input_file_ref idref="fl-d5"/>
      </object_component>
      <object_component id="oc-a4">
         <name>.debug_info</name>
         <load_address>0xd33c</load_address>
         <run_address>0xd33c</run_address>
         <size>0x1eb</size>
         <input_file_ref idref="fl-d5"/>
      </object_component>
      <object_component id="oc-1ad">
         <name>.debug_info</name>
         <load_address>0xd527</load_address>
         <run_address>0xd527</run_address>
         <size>0x179</size>
         <input_file_ref idref="fl-d6"/>
      </object_component>
      <object_component id="oc-10e">
         <name>.debug_info</name>
         <load_address>0xd6a0</load_address>
         <run_address>0xd6a0</run_address>
         <size>0x231</size>
         <input_file_ref idref="fl-d6"/>
      </object_component>
      <object_component id="oc-211">
         <name>.debug_info</name>
         <load_address>0xd8d1</load_address>
         <run_address>0xd8d1</run_address>
         <size>0x477</size>
         <input_file_ref idref="fl-d7"/>
      </object_component>
      <object_component id="oc-20e">
         <name>.debug_info</name>
         <load_address>0xdd48</load_address>
         <run_address>0xdd48</run_address>
         <size>0xed</size>
         <input_file_ref idref="fl-d7"/>
      </object_component>
      <object_component id="oc-1a6">
         <name>.debug_info</name>
         <load_address>0xde35</load_address>
         <run_address>0xde35</run_address>
         <size>0xae2</size>
         <input_file_ref idref="fl-d7"/>
      </object_component>
      <object_component id="oc-28f">
         <name>.debug_info</name>
         <load_address>0xe917</load_address>
         <run_address>0xe917</run_address>
         <size>0x120</size>
         <input_file_ref idref="fl-d7"/>
      </object_component>
      <object_component id="oc-268">
         <name>.debug_info</name>
         <load_address>0xea37</load_address>
         <run_address>0xea37</run_address>
         <size>0x2c</size>
         <input_file_ref idref="fl-d7"/>
      </object_component>
      <object_component id="oc-213">
         <name>.debug_info</name>
         <load_address>0xea63</load_address>
         <run_address>0xea63</run_address>
         <size>0x2c</size>
         <input_file_ref idref="fl-d7"/>
      </object_component>
      <object_component id="oc-48">
         <name>.debug_info</name>
         <load_address>0xea8f</load_address>
         <run_address>0xea8f</run_address>
         <size>0x153</size>
         <input_file_ref idref="fl-d8"/>
      </object_component>
      <object_component id="oc-62">
         <name>.debug_info</name>
         <load_address>0xebe2</load_address>
         <run_address>0xebe2</run_address>
         <size>0x11b</size>
         <input_file_ref idref="fl-d9"/>
      </object_component>
      <object_component id="oc-1ca">
         <name>.debug_info</name>
         <load_address>0xecfd</load_address>
         <run_address>0xecfd</run_address>
         <size>0x203</size>
         <input_file_ref idref="fl-da"/>
      </object_component>
      <object_component id="oc-11c">
         <name>.debug_info</name>
         <load_address>0xef00</load_address>
         <run_address>0xef00</run_address>
         <size>0x25b</size>
         <input_file_ref idref="fl-da"/>
      </object_component>
      <object_component id="oc-107">
         <name>.debug_info</name>
         <load_address>0xf15b</load_address>
         <run_address>0xf15b</run_address>
         <size>0x11c</size>
         <input_file_ref idref="fl-db"/>
      </object_component>
      <object_component id="oc-282">
         <name>.debug_info</name>
         <load_address>0xf277</load_address>
         <run_address>0xf277</run_address>
         <size>0xcc</size>
         <input_file_ref idref="fl-dc"/>
      </object_component>
      <object_component id="oc-202">
         <name>.debug_info</name>
         <load_address>0xf343</load_address>
         <run_address>0xf343</run_address>
         <size>0x1cb</size>
         <input_file_ref idref="fl-dc"/>
      </object_component>
      <object_component id="oc-280">
         <name>.debug_info</name>
         <load_address>0xf50e</load_address>
         <run_address>0xf50e</run_address>
         <size>0xbc</size>
         <input_file_ref idref="fl-dd"/>
      </object_component>
      <object_component id="oc-1fd">
         <name>.debug_info</name>
         <load_address>0xf5ca</load_address>
         <run_address>0xf5ca</run_address>
         <size>0x1df</size>
         <input_file_ref idref="fl-dd"/>
      </object_component>
      <object_component id="oc-284">
         <name>.debug_info</name>
         <load_address>0xf7a9</load_address>
         <run_address>0xf7a9</run_address>
         <size>0xcd</size>
         <input_file_ref idref="fl-de"/>
      </object_component>
      <object_component id="oc-20b">
         <name>.debug_info</name>
         <load_address>0xf876</load_address>
         <run_address>0xf876</run_address>
         <size>0x1e0</size>
         <input_file_ref idref="fl-de"/>
      </object_component>
      <object_component id="oc-2ef">
         <name>.debug_info</name>
         <load_address>0xfa56</load_address>
         <run_address>0xfa56</run_address>
         <size>0x226</size>
         <input_file_ref idref="fl-df"/>
      </object_component>
      <object_component id="oc-2ec">
         <name>.debug_info</name>
         <load_address>0xfc7c</load_address>
         <run_address>0xfc7c</run_address>
         <size>0xcf</size>
         <input_file_ref idref="fl-df"/>
      </object_component>
      <object_component id="oc-286">
         <name>.debug_info</name>
         <load_address>0xfd4b</load_address>
         <run_address>0xfd4b</run_address>
         <size>0xa41</size>
         <input_file_ref idref="fl-df"/>
      </object_component>
      <object_component id="oc-2f0">
         <name>.debug_info</name>
         <load_address>0x1078c</load_address>
         <run_address>0x1078c</run_address>
         <size>0x53</size>
         <input_file_ref idref="fl-df"/>
      </object_component>
      <object_component id="oc-326">
         <name>.debug_info</name>
         <load_address>0x107df</load_address>
         <run_address>0x107df</run_address>
         <size>0xed</size>
         <input_file_ref idref="fl-e0"/>
      </object_component>
      <object_component id="oc-323">
         <name>.debug_info</name>
         <load_address>0x108cc</load_address>
         <run_address>0x108cc</run_address>
         <size>0xd4</size>
         <input_file_ref idref="fl-e0"/>
      </object_component>
      <object_component id="oc-2e2">
         <name>.debug_info</name>
         <load_address>0x109a0</load_address>
         <run_address>0x109a0</run_address>
         <size>0x258</size>
         <input_file_ref idref="fl-e0"/>
      </object_component>
      <object_component id="oc-1e9">
         <name>.debug_info</name>
         <load_address>0x10bf8</load_address>
         <run_address>0x10bf8</run_address>
         <size>0xfb</size>
         <input_file_ref idref="fl-e1"/>
      </object_component>
      <object_component id="oc-12d">
         <name>.debug_info</name>
         <load_address>0x10cf3</load_address>
         <run_address>0x10cf3</run_address>
         <size>0xea</size>
         <input_file_ref idref="fl-e1"/>
      </object_component>
      <object_component id="oc-1e5">
         <name>.debug_info</name>
         <load_address>0x10ddd</load_address>
         <run_address>0x10ddd</run_address>
         <size>0x1f6</size>
         <input_file_ref idref="fl-e1"/>
      </object_component>
      <object_component id="oc-262">
         <name>.debug_info</name>
         <load_address>0x10fd3</load_address>
         <run_address>0x10fd3</run_address>
         <size>0x3c2</size>
         <input_file_ref idref="fl-e2"/>
      </object_component>
      <object_component id="oc-1c7">
         <name>.debug_info</name>
         <load_address>0x11395</load_address>
         <run_address>0x11395</run_address>
         <size>0x13f3</size>
         <input_file_ref idref="fl-e2"/>
      </object_component>
      <object_component id="oc-263">
         <name>.debug_info</name>
         <load_address>0x12788</load_address>
         <run_address>0x12788</run_address>
         <size>0x86</size>
         <input_file_ref idref="fl-e2"/>
      </object_component>
      <object_component id="oc-2d4">
         <name>.debug_info</name>
         <load_address>0x1280e</load_address>
         <run_address>0x1280e</run_address>
         <size>0x46</size>
         <input_file_ref idref="fl-e2"/>
      </object_component>
      <object_component id="oc-26d">
         <name>.debug_info</name>
         <load_address>0x12854</load_address>
         <run_address>0x12854</run_address>
         <size>0x39</size>
         <input_file_ref idref="fl-e2"/>
      </object_component>
      <object_component id="oc-2d1">
         <name>.debug_info</name>
         <load_address>0x1288d</load_address>
         <run_address>0x1288d</run_address>
         <size>0xeb</size>
         <input_file_ref idref="fl-e3"/>
      </object_component>
      <object_component id="oc-25d">
         <name>.debug_info</name>
         <load_address>0x12978</load_address>
         <run_address>0x12978</run_address>
         <size>0x148</size>
         <input_file_ref idref="fl-e3"/>
      </object_component>
      <object_component id="oc-31f">
         <name>.debug_info</name>
         <load_address>0x12ac0</load_address>
         <run_address>0x12ac0</run_address>
         <size>0xc5</size>
         <input_file_ref idref="fl-e4"/>
      </object_component>
      <object_component id="oc-2ce">
         <name>.debug_info</name>
         <load_address>0x12b85</load_address>
         <run_address>0x12b85</run_address>
         <size>0xd1</size>
         <input_file_ref idref="fl-e4"/>
      </object_component>
      <object_component id="oc-22a">
         <name>.debug_info</name>
         <load_address>0x12c56</load_address>
         <run_address>0x12c56</run_address>
         <size>0x1b5</size>
         <input_file_ref idref="fl-e5"/>
      </object_component>
      <object_component id="oc-1ba">
         <name>.debug_info</name>
         <load_address>0x12e0b</load_address>
         <run_address>0x12e0b</run_address>
         <size>0x21d</size>
         <input_file_ref idref="fl-e5"/>
      </object_component>
      <object_component id="oc-238">
         <name>.debug_info</name>
         <load_address>0x13028</load_address>
         <run_address>0x13028</run_address>
         <size>0x279</size>
         <input_file_ref idref="fl-e6"/>
      </object_component>
      <object_component id="oc-1be">
         <name>.debug_info</name>
         <load_address>0x132a1</load_address>
         <run_address>0x132a1</run_address>
         <size>0x329</size>
         <input_file_ref idref="fl-e6"/>
      </object_component>
      <object_component id="oc-2b8">
         <name>.debug_info</name>
         <load_address>0x135ca</load_address>
         <run_address>0x135ca</run_address>
         <size>0x123</size>
         <input_file_ref idref="fl-e7"/>
      </object_component>
      <object_component id="oc-244">
         <name>.debug_info</name>
         <load_address>0x136ed</load_address>
         <run_address>0x136ed</run_address>
         <size>0x1b1</size>
         <input_file_ref idref="fl-e7"/>
      </object_component>
      <object_component id="oc-2cc">
         <name>.debug_info</name>
         <load_address>0x1389e</load_address>
         <run_address>0x1389e</run_address>
         <size>0xc8</size>
         <input_file_ref idref="fl-e8"/>
      </object_component>
      <object_component id="oc-258">
         <name>.debug_info</name>
         <load_address>0x13966</load_address>
         <run_address>0x13966</run_address>
         <size>0x182</size>
         <input_file_ref idref="fl-e8"/>
      </object_component>
      <object_component id="oc-2a7">
         <name>.debug_info</name>
         <load_address>0x13ae8</load_address>
         <run_address>0x13ae8</run_address>
         <size>0xd7</size>
         <input_file_ref idref="fl-e9"/>
      </object_component>
      <object_component id="oc-233">
         <name>.debug_info</name>
         <load_address>0x13bbf</load_address>
         <run_address>0x13bbf</run_address>
         <size>0x1c9</size>
         <input_file_ref idref="fl-e9"/>
      </object_component>
      <object_component id="oc-2ba">
         <name>.debug_info</name>
         <load_address>0x13d88</load_address>
         <run_address>0x13d88</run_address>
         <size>0x171</size>
         <input_file_ref idref="fl-ea"/>
      </object_component>
      <object_component id="oc-24a">
         <name>.debug_info</name>
         <load_address>0x13ef9</load_address>
         <run_address>0x13ef9</run_address>
         <size>0x15a</size>
         <input_file_ref idref="fl-ea"/>
      </object_component>
      <object_component id="oc-2bb">
         <name>.debug_info</name>
         <load_address>0x14053</load_address>
         <run_address>0x14053</run_address>
         <size>0x2c</size>
         <input_file_ref idref="fl-ea"/>
      </object_component>
      <object_component id="oc-2ca">
         <name>.debug_info</name>
         <load_address>0x1407f</load_address>
         <run_address>0x1407f</run_address>
         <size>0x1ae</size>
         <input_file_ref idref="fl-eb"/>
      </object_component>
      <object_component id="oc-252">
         <name>.debug_info</name>
         <load_address>0x1422d</load_address>
         <run_address>0x1422d</run_address>
         <size>0x17b</size>
         <input_file_ref idref="fl-eb"/>
      </object_component>
      <object_component id="oc-328">
         <name>.debug_info</name>
         <load_address>0x143a8</load_address>
         <run_address>0x143a8</run_address>
         <size>0xc7</size>
         <input_file_ref idref="fl-ec"/>
      </object_component>
      <object_component id="oc-2e6">
         <name>.debug_info</name>
         <load_address>0x1446f</load_address>
         <run_address>0x1446f</run_address>
         <size>0x1b8</size>
         <input_file_ref idref="fl-ec"/>
      </object_component>
      <object_component id="oc-2a5">
         <name>.debug_info</name>
         <load_address>0x14627</load_address>
         <run_address>0x14627</run_address>
         <size>0xc1</size>
         <input_file_ref idref="fl-ed"/>
      </object_component>
      <object_component id="oc-22c">
         <name>.debug_info</name>
         <load_address>0x146e8</load_address>
         <run_address>0x146e8</run_address>
         <size>0x1b1</size>
         <input_file_ref idref="fl-ed"/>
      </object_component>
      <object_component id="oc-23f">
         <name>.debug_info</name>
         <load_address>0x14899</load_address>
         <run_address>0x14899</run_address>
         <size>0x120</size>
         <input_file_ref idref="fl-ee"/>
      </object_component>
      <object_component id="oc-23a">
         <name>.debug_info</name>
         <load_address>0x149b9</load_address>
         <run_address>0x149b9</run_address>
         <size>0x159</size>
         <input_file_ref idref="fl-ef"/>
      </object_component>
      <object_component id="oc-2a1">
         <name>.debug_info</name>
         <load_address>0x14b12</load_address>
         <run_address>0x14b12</run_address>
         <size>0x128</size>
         <input_file_ref idref="fl-f0"/>
      </object_component>
      <object_component id="oc-225">
         <name>.debug_info</name>
         <load_address>0x14c3a</load_address>
         <run_address>0x14c3a</run_address>
         <size>0x207</size>
         <input_file_ref idref="fl-f0"/>
      </object_component>
      <object_component id="oc-305">
         <name>.debug_info</name>
         <load_address>0x14e41</load_address>
         <run_address>0x14e41</run_address>
         <size>0xbb</size>
         <input_file_ref idref="fl-f0"/>
      </object_component>
      <object_component id="oc-2c7">
         <name>.debug_info</name>
         <load_address>0x14efc</load_address>
         <run_address>0x14efc</run_address>
         <size>0xca</size>
         <input_file_ref idref="fl-f1"/>
      </object_component>
      <object_component id="oc-2f6">
         <name>.debug_info</name>
         <load_address>0x14fc6</load_address>
         <run_address>0x14fc6</run_address>
         <size>0x156</size>
         <input_file_ref idref="fl-f2"/>
      </object_component>
      <object_component id="oc-295">
         <name>.debug_info</name>
         <load_address>0x1511c</load_address>
         <run_address>0x1511c</run_address>
         <size>0x1b8</size>
         <input_file_ref idref="fl-f2"/>
      </object_component>
      <object_component id="oc-2af">
         <name>.debug_info</name>
         <load_address>0x152d4</load_address>
         <run_address>0x152d4</run_address>
         <size>0x11e</size>
         <input_file_ref idref="fl-f3"/>
      </object_component>
      <object_component id="oc-2b3">
         <name>.debug_info</name>
         <load_address>0x153f2</load_address>
         <run_address>0x153f2</run_address>
         <size>0x11e</size>
         <input_file_ref idref="fl-f4"/>
      </object_component>
      <object_component id="oc-2c3">
         <name>.debug_info</name>
         <load_address>0x15510</load_address>
         <run_address>0x15510</run_address>
         <size>0x12d</size>
         <input_file_ref idref="fl-f5"/>
      </object_component>
      <object_component id="oc-304">
         <name>.debug_info</name>
         <load_address>0x1563d</load_address>
         <run_address>0x1563d</run_address>
         <size>0x197</size>
         <input_file_ref idref="fl-f6"/>
      </object_component>
      <object_component id="oc-29c">
         <name>.debug_info</name>
         <load_address>0x157d4</load_address>
         <run_address>0x157d4</run_address>
         <size>0x1d7</size>
         <input_file_ref idref="fl-f6"/>
      </object_component>
      <object_component id="oc-33b">
         <name>.debug_info</name>
         <load_address>0x159ab</load_address>
         <run_address>0x159ab</run_address>
         <size>0x213</size>
         <input_file_ref idref="fl-f7"/>
      </object_component>
      <object_component id="oc-300">
         <name>.debug_info</name>
         <load_address>0x15bbe</load_address>
         <run_address>0x15bbe</run_address>
         <size>0x417</size>
         <input_file_ref idref="fl-f7"/>
      </object_component>
      <object_component id="oc-169">
         <name>.debug_info</name>
         <load_address>0x15fd5</load_address>
         <run_address>0x15fd5</run_address>
         <size>0x2c</size>
         <input_file_ref idref="fl-f7"/>
      </object_component>
      <object_component id="oc-c5">
         <name>.debug_info</name>
         <load_address>0x16001</load_address>
         <run_address>0x16001</run_address>
         <size>0x1f9</size>
         <input_file_ref idref="fl-f8"/>
      </object_component>
      <object_component id="oc-45">
         <name>.debug_info</name>
         <load_address>0x161fa</load_address>
         <run_address>0x161fa</run_address>
         <size>0xd8</size>
         <input_file_ref idref="fl-f8"/>
      </object_component>
      <object_component id="oc-330">
         <name>.debug_info</name>
         <load_address>0x162d2</load_address>
         <run_address>0x162d2</run_address>
         <size>0x123</size>
         <input_file_ref idref="fl-f8"/>
      </object_component>
      <object_component id="oc-2f9">
         <name>.debug_info</name>
         <load_address>0x163f5</load_address>
         <run_address>0x163f5</run_address>
         <size>0x857</size>
         <input_file_ref idref="fl-f8"/>
      </object_component>
      <object_component id="oc-16e">
         <name>.debug_info</name>
         <load_address>0x16c4c</load_address>
         <run_address>0x16c4c</run_address>
         <size>0x62</size>
         <input_file_ref idref="fl-f8"/>
      </object_component>
      <object_component id="oc-34a">
         <name>.debug_info</name>
         <load_address>0x16cae</load_address>
         <run_address>0x16cae</run_address>
         <size>0x1d7</size>
         <input_file_ref idref="fl-f9"/>
      </object_component>
      <object_component id="oc-334">
         <name>.debug_info</name>
         <load_address>0x16e85</load_address>
         <run_address>0x16e85</run_address>
         <size>0x26f</size>
         <input_file_ref idref="fl-f9"/>
      </object_component>
      <object_component id="oc-370">
         <name>.debug_info</name>
         <load_address>0x170f4</load_address>
         <run_address>0x170f4</run_address>
         <size>0xa4</size>
      </object_component>
      <object_component id="oc-1ef">
         <name>.debug_line</name>
         <load_address>0x0</load_address>
         <run_address>0x0</run_address>
         <size>0x78</size>
         <input_file_ref idref="fl-2"/>
      </object_component>
      <object_component id="oc-222">
         <name>.debug_line</name>
         <load_address>0x78</load_address>
         <run_address>0x78</run_address>
         <size>0x36</size>
         <input_file_ref idref="fl-2"/>
      </object_component>
      <object_component id="oc-116">
         <name>.debug_line</name>
         <load_address>0xae</load_address>
         <run_address>0xae</run_address>
         <size>0x439</size>
         <input_file_ref idref="fl-2"/>
      </object_component>
      <object_component id="oc-b0">
         <name>.debug_line</name>
         <load_address>0x4e7</load_address>
         <run_address>0x4e7</run_address>
         <size>0x4a</size>
         <input_file_ref idref="fl-2"/>
      </object_component>
      <object_component id="oc-1dd">
         <name>.debug_line</name>
         <load_address>0x531</load_address>
         <run_address>0x531</run_address>
         <size>0x78</size>
         <input_file_ref idref="fl-2"/>
      </object_component>
      <object_component id="oc-13a">
         <name>.debug_line</name>
         <load_address>0x5a9</load_address>
         <run_address>0x5a9</run_address>
         <size>0x20</size>
         <input_file_ref idref="fl-2"/>
      </object_component>
      <object_component id="oc-bb">
         <name>.debug_line</name>
         <load_address>0x5c9</load_address>
         <run_address>0x5c9</run_address>
         <size>0x45</size>
         <input_file_ref idref="fl-2"/>
      </object_component>
      <object_component id="oc-135">
         <name>.debug_line</name>
         <load_address>0x60e</load_address>
         <run_address>0x60e</run_address>
         <size>0x79</size>
         <input_file_ref idref="fl-2"/>
      </object_component>
      <object_component id="oc-c0">
         <name>.debug_line</name>
         <load_address>0x687</load_address>
         <run_address>0x687</run_address>
         <size>0x48</size>
         <input_file_ref idref="fl-2"/>
      </object_component>
      <object_component id="oc-1ce">
         <name>.debug_line</name>
         <load_address>0x6cf</load_address>
         <run_address>0x6cf</run_address>
         <size>0x79</size>
         <input_file_ref idref="fl-2"/>
      </object_component>
      <object_component id="oc-18b">
         <name>.debug_line</name>
         <load_address>0x748</load_address>
         <run_address>0x748</run_address>
         <size>0x45</size>
         <input_file_ref idref="fl-2"/>
      </object_component>
      <object_component id="oc-1b5">
         <name>.debug_line</name>
         <load_address>0x78d</load_address>
         <run_address>0x78d</run_address>
         <size>0x41</size>
         <input_file_ref idref="fl-2"/>
      </object_component>
      <object_component id="oc-15f">
         <name>.debug_line</name>
         <load_address>0x7ce</load_address>
         <run_address>0x7ce</run_address>
         <size>0x45</size>
         <input_file_ref idref="fl-2"/>
      </object_component>
      <object_component id="oc-27a">
         <name>.debug_line</name>
         <load_address>0x813</load_address>
         <run_address>0x813</run_address>
         <size>0x20</size>
         <input_file_ref idref="fl-3"/>
      </object_component>
      <object_component id="oc-aa">
         <name>.debug_line</name>
         <load_address>0x833</load_address>
         <run_address>0x833</run_address>
         <size>0x44</size>
         <input_file_ref idref="fl-3"/>
      </object_component>
      <object_component id="oc-141">
         <name>.debug_line</name>
         <load_address>0x877</load_address>
         <run_address>0x877</run_address>
         <size>0x47</size>
         <input_file_ref idref="fl-3"/>
      </object_component>
      <object_component id="oc-190">
         <name>.debug_line</name>
         <load_address>0x8be</load_address>
         <run_address>0x8be</run_address>
         <size>0x45</size>
         <input_file_ref idref="fl-3"/>
      </object_component>
      <object_component id="oc-146">
         <name>.debug_line</name>
         <load_address>0x903</load_address>
         <run_address>0x903</run_address>
         <size>0x45</size>
         <input_file_ref idref="fl-3"/>
      </object_component>
      <object_component id="oc-14b">
[...]
      <symbol id="sm-339">
         <name>phantomInterrupt</name>
         <value>0x899c</value>
         <object_component_ref idref="oc-32"/>
      </symbol>
      <symbol id="sm-358">
         <name>_c_int00</name>
         <value>0x7f74</value>
         <object_component_ref idref="oc-1e"/>
      </symbol>
      <symbol id="sm-359">
         <name>handlePLLLockFail</name>
         <value>0x8998</value>
         <object_component_ref idref="oc-7d"/>
      </symbol>
      <symbol id="sm-3fc">
         <name>vimChannelMap</name>
         <value>0x3b20</value>
         <object_component_ref idref="oc-39"/>
      </symbol>
      <symbol id="sm-3fd">
         <name>vimInit</name>
         <value>0x3a4c</value>
         <object_component_ref idref="oc-39"/>
      </symbol>
      <symbol id="sm-3fe">
         <name>vimEnableInterrupt</name>
         <value>0x3bc4</value>
         <object_component_ref idref="oc-39"/>
      </symbol>
      <symbol id="sm-3ff">
         <name>vimDisableInterrupt</name>
         <value>0x3d8c</value>
         <object_component_ref idref="oc-39"/>
      </symbol>
      <symbol id="sm-400">
         <name>vimGetConfigValue</name>
         <value>0x3e38</value>
         <object_component_ref idref="oc-39"/>
      </symbol>
      <symbol id="sm-401">
         <name>vimECCErrorHandler</name>
         <value>0x69b0</value>
         <object_component_ref idref="oc-38"/>
      </symbol>
      <symbol id="sm-450">
         <name>systemGetConfigValue</name>
         <value>0x3574</value>
         <object_component_ref idref="oc-71"/>
      </symbol>
      <symbol id="sm-451">
         <name>trimLPO</name>
         <value>0x3114</value>
         <object_component_ref idref="oc-71"/>
      </symbol>
      <symbol id="sm-452">
         <name>systemInit</name>
         <value>0x33a8</value>
         <object_component_ref idref="oc-71"/>
      </symbol>
      <symbol id="sm-453">
         <name>customTrimLPO</name>
         <value>0x39a4</value>
         <object_component_ref idref="oc-71"/>
      </symbol>
      <symbol id="sm-454">
         <name>periphInit</name>
         <value>0x31c8</value>
         <object_component_ref idref="oc-71"/>
      </symbol>
      <symbol id="sm-455">
         <name>setupFlash</name>
         <value>0x3188</value>
         <object_component_ref idref="oc-71"/>
      </symbol>
      <symbol id="sm-456">
         <name>setupPLL</name>
         <value>0x30b4</value>
         <object_component_ref idref="oc-71"/>
      </symbol>
      <symbol id="sm-457">
         <name>getResetSource</name>
         <value>0x344c</value>
         <object_component_ref idref="oc-71"/>
      </symbol>
      <symbol id="sm-458">
         <name>mapClocks</name>
         <value>0x327c</value>
         <object_component_ref idref="oc-71"/>
      </symbol>
      <symbol id="sm-459">
         <name>systemPowerDown</name>
         <value>0x341c</value>
         <object_component_ref idref="oc-71"/>
      </symbol>
      <symbol id="sm-47d">
         <name>__TI_auto_init</name>
         <value>0x80fc</value>
         <object_component_ref idref="oc-94"/>
      </symbol>
      <symbol id="sm-494">
         <name>__TI_decompress_none</name>
         <value>0x897c</value>
         <object_component_ref idref="oc-c"/>
      </symbol>
      <symbol id="sm-4ba">
         <name>__TI_decompress_rle24</name>
         <value>0x8990</value>
         <object_component_ref idref="oc-12"/>
      </symbol>
      <symbol id="sm-4d5">
         <name>copy_in</name>
         <value>0x866c</value>
         <object_component_ref idref="oc-fe"/>
      </symbol>
      <symbol id="sm-4ef">
         <name>__TI_tmpnams</name>
         <value>0x800202c</value>
      </symbol>
      <symbol id="sm-4f0">
         <name>__aeabi_stdout</name>
         <value>0x8001ec8</value>
         <object_component_ref idref="oc-1a9"/>
      </symbol>
      <symbol id="sm-4f1">
         <name>__aeabi_stderr</name>
         <value>0x8001ecc</value>
         <object_component_ref idref="oc-1a9"/>
      </symbol>
      <symbol id="sm-4f2">
         <name>__aeabi_stdin</name>
         <value>0x8001ec4</value>
         <object_component_ref idref="oc-1a9"/>
      </symbol>
      <symbol id="sm-4f3">
         <name>_ftable</name>
         <value>0x8001d00</value>
         <object_component_ref idref="oc-11e"/>
      </symbol>
      <symbol id="sm-4f4">
         <name>__TI_ft_end</name>
         <value>0x8001ec0</value>
         <object_component_ref idref="oc-1a9"/>
      </symbol>
      <symbol id="sm-515">
         <name>C$$EXIT</name>
         <value>0x84cc</value>
         <object_component_ref idref="oc-a0"/>
      </symbol>
      <symbol id="sm-516">
         <name>abort</name>
         <value>0x84d4</value>
         <object_component_ref idref="oc-a0"/>
      </symbol>
      <symbol id="sm-517">
         <name>exit</name>
         <value>0x84e0</value>
         <object_component_ref idref="oc-a0"/>
      </symbol>
      <symbol id="sm-518">
         <name>__TI_dtors_ptr</name>
         <value>0x8001ed4</value>
         <object_component_ref idref="oc-129"/>
      </symbol>
      <symbol id="sm-519">
         <name>__TI_cleanup_ptr</name>
         <value>0x8001ed0</value>
         <object_component_ref idref="oc-129"/>
      </symbol>
      <symbol id="sm-51a">
         <name>__TI_enable_exit_profile_output</name>
         <value>0x8001ed8</value>
         <object_component_ref idref="oc-129"/>
      </symbol>
      <symbol id="sm-534">
         <name>__TI_doflush</name>
         <value>0x7a08</value>
         <object_component_ref idref="oc-10c"/>
      </symbol>
      <symbol id="sm-535">
         <name>fflush</name>
         <value>0x7a8c</value>
         <object_component_ref idref="oc-10c"/>
      </symbol>
      <symbol id="sm-586">
         <name>open</name>
         <value>0x5f6c</value>
         <object_component_ref idref="oc-1a3"/>
      </symbol>
      <symbol id="sm-587">
         <name>add_device</name>
         <value>0x6158</value>
         <object_component_ref idref="oc-1a3"/>
      </symbol>
      <symbol id="sm-588">
         <name>remove_device</name>
         <value>0x5edc</value>
         <object_component_ref idref="oc-1a3"/>
      </symbol>
      <symbol id="sm-589">
         <name>lseek</name>
         <value>0x6084</value>
         <object_component_ref idref="oc-1a3"/>
      </symbol>
      <symbol id="sm-58a">
         <name>read</name>
         <value>0x5f28</value>
         <object_component_ref idref="oc-1a3"/>
      </symbol>
      <symbol id="sm-58b">
         <name>rename</name>
         <value>0x5e70</value>
         <object_component_ref idref="oc-1a3"/>
      </symbol>
      <symbol id="sm-58c">
         <name>write</name>
         <value>0x5d38</value>
         <object_component_ref idref="oc-1a3"/>
      </symbol>
      <symbol id="sm-58d">
         <name>close</name>
         <value>0x60c8</value>
         <object_component_ref idref="oc-1a3"/>
      </symbol>
      <symbol id="sm-58e">
         <name>unlink</name>
         <value>0x5e30</value>
         <object_component_ref idref="oc-1a3"/>
      </symbol>
      <symbol id="sm-5a7">
         <name>memcpy</name>
         <value>0x744c</value>
         <object_component_ref idref="oc-47"/>
      </symbol>
      <symbol id="sm-5a8">
         <name>__aeabi_memcpy</name>
         <value>0x744c</value>
         <object_component_ref idref="oc-47"/>
      </symbol>
      <symbol id="sm-5a9">
         <name>__aeabi_memcpy8</name>
         <value>0x744c</value>
         <object_component_ref idref="oc-47"/>
      </symbol>
      <symbol id="sm-5aa">
         <name>__aeabi_memcpy4</name>
         <value>0x744c</value>
         <object_component_ref idref="oc-47"/>
      </symbol>
      <symbol id="sm-5b9">
         <name>__aeabi_memset</name>
         <value>0x8050</value>
         <object_component_ref idref="oc-60"/>
      </symbol>
      <symbol id="sm-5ba">
         <name>memset</name>
         <value>0x805c</value>
         <object_component_ref idref="oc-60"/>
      </symbol>
      <symbol id="sm-5bb">
         <name>__aeabi_memset8</name>
         <value>0x8050</value>
         <object_component_ref idref="oc-60"/>
      </symbol>
      <symbol id="sm-5bc">
         <name>__aeabi_memset4</name>
         <value>0x8050</value>
         <object_component_ref idref="oc-60"/>
      </symbol>
      <symbol id="sm-5bd">
         <name>__aeabi_memclr8</name>
         <value>0x804c</value>
         <object_component_ref idref="oc-60"/>
      </symbol>
      <symbol id="sm-5be">
         <name>__aeabi_memclr4</name>
         <value>0x804c</value>
         <object_component_ref idref="oc-60"/>
      </symbol>
      <symbol id="sm-5bf">
         <name>__aeabi_memclr</name>
         <value>0x804c</value>
         <object_component_ref idref="oc-60"/>
      </symbol>
      <symbol id="sm-5d8">
         <name>printf</name>
         <value>0x8254</value>
         <object_component_ref idref="oc-118"/>
      </symbol>
      <symbol id="sm-5e2">
         <name>_system_post_cinit</name>
         <value>0x89a4</value>
         <object_component_ref idref="oc-104"/>
      </symbol>
      <symbol id="sm-5f0">
         <name>strchr</name>
         <value>0x88b4</value>
         <object_component_ref idref="oc-201"/>
      </symbol>
      <symbol id="sm-5fe">
         <name>strcmp</name>
         <value>0x88dc</value>
         <object_component_ref idref="oc-1fb"/>
      </symbol>
      <symbol id="sm-60d">
         <name>strncpy</name>
         <value>0x8814</value>
         <object_component_ref idref="oc-207"/>
      </symbol>
      <symbol id="sm-635">
         <name>HOSTgetenv</name>
         <value>0x5bf4</value>
         <object_component_ref idref="oc-285"/>
      </symbol>
      <symbol id="sm-636">
         <name>HOSTrename</name>
         <value>0x59ac</value>
         <object_component_ref idref="oc-285"/>
      </symbol>
      <symbol id="sm-637">
         <name>HOSTclose</name>
         <value>0x5c5c</value>
         <object_component_ref idref="oc-285"/>
      </symbol>
      <symbol id="sm-638">
         <name>HOSTtime64</name>
         <value>0x58d0</value>
         <object_component_ref idref="oc-285"/>
      </symbol>
      <symbol id="sm-639">
         <name>HOSTunlink</name>
         <value>0x586c</value>
         <object_component_ref idref="oc-285"/>
      </symbol>
      <symbol id="sm-63a">
         <name>HOSTlseek</name>
         <value>0x5b54</value>
         <object_component_ref idref="oc-285"/>
      </symbol>
      <symbol id="sm-63b">
         <name>HOSTopen</name>
         <value>0x5ac8</value>
         <object_component_ref idref="oc-285"/>
      </symbol>
      <symbol id="sm-63c">
         <name>HOSTclock</name>
         <value>0x5ccc</value>
         <object_component_ref idref="oc-285"/>
      </symbol>
      <symbol id="sm-63d">
         <name>HOSTwrite</name>
         <value>0x57e8</value>
         <object_component_ref idref="oc-285"/>
      </symbol>
      <symbol id="sm-63e">
         <name>HOSTread</name>
         <value>0x5a44</value>
         <object_component_ref idref="oc-285"/>
      </symbol>
      <symbol id="sm-63f">
         <name>HOSTtime</name>
         <value>0x594c</value>
         <object_component_ref idref="oc-285"/>
      </symbol>
      <symbol id="sm-659">
         <name>__TI_readmsg</name>
         <value>0x8340</value>
         <object_component_ref idref="oc-2df"/>
      </symbol>
      <symbol id="sm-65a">
         <name>C$$IO$$</name>
         <value>0x8338</value>
         <object_component_ref idref="oc-2df"/>
      </symbol>
      <symbol id="sm-65b">
         <name>__CIOBUF_</name>
         <value>0x8001f0c</value>
         <object_component_ref idref="oc-322"/>
      </symbol>
      <symbol id="sm-65c">
         <name>__TI_writemsg</name>
         <value>0x82f0</value>
         <object_component_ref idref="oc-2df"/>
      </symbol>
      <symbol id="sm-676">
         <name>_nop</name>
         <value>0x891c</value>
         <object_component_ref idref="oc-1e1"/>
      </symbol>
      <symbol id="sm-677">
         <name>_lock</name>
         <value>0x8001efc</value>
         <object_component_ref idref="oc-12c"/>
      </symbol>
      <symbol id="sm-678">
         <name>_unlock</name>
         <value>0x8001f00</value>
         <object_component_ref idref="oc-12c"/>
      </symbol>
      <symbol id="sm-679">
         <name>_register_lock</name>
         <value>0x8910</value>
         <object_component_ref idref="oc-1e1"/>
      </symbol>
      <symbol id="sm-67a">
         <name>_register_unlock</name>
         <value>0x8904</value>
         <object_component_ref idref="oc-1e1"/>
      </symbol>
      <symbol id="sm-769">
         <name>__TI_printfi</name>
         <value>0x1428</value>
         <object_component_ref idref="oc-1c3"/>
      </symbol>
      <symbol id="sm-77c">
         <name>atoi</name>
         <value>0x85e8</value>
         <object_component_ref idref="oc-25b"/>
      </symbol>
      <symbol id="sm-787">
         <name>_ctypes_</name>
         <value>0x8bc0</value>
         <object_component_ref idref="oc-2cd"/>
      </symbol>
      <symbol id="sm-79f">
         <name>putc</name>
         <value>0x7d6c</value>
         <object_component_ref idref="oc-1b7"/>
      </symbol>
      <symbol id="sm-7a0">
         <name>fputc</name>
         <value>0x7d6c</value>
         <object_component_ref idref="oc-1b7"/>
      </symbol>
      <symbol id="sm-7a1">
         <name>putchar</name>
         <value>0x7e64</value>
         <object_component_ref idref="oc-1b7"/>
      </symbol>
      <symbol id="sm-7c1">
         <name>puts</name>
         <value>0x7414</value>
         <object_component_ref idref="oc-1bd"/>
      </symbol>
      <symbol id="sm-7c2">
         <name>fputs</name>
         <value>0x7278</value>
         <object_component_ref idref="oc-1bd"/>
      </symbol>
      <symbol id="sm-7d0">
         <name>ltoa</name>
         <value>0x86f0</value>
         <object_component_ref idref="oc-243"/>
      </symbol>
      <symbol id="sm-7df">
         <name>memccpy</name>
         <value>0x885c</value>
         <object_component_ref idref="oc-255"/>
      </symbol>
      <symbol id="sm-7ee">
         <name>memchr</name>
         <value>0x8888</value>
         <object_component_ref idref="oc-231"/>
      </symbol>
      <symbol id="sm-806">
         <name>frexpl</name>
         <value>0x855c</value>
         <object_component_ref idref="oc-249"/>
      </symbol>
      <symbol id="sm-807">
         <name>frexp</name>
         <value>0x855c</value>
         <object_component_ref idref="oc-249"/>
      </symbol>
      <symbol id="sm-824">
         <name>scalbn</name>
         <value>0x7b38</value>
         <object_component_ref idref="oc-24f"/>
      </symbol>
      <symbol id="sm-825">
         <name>scalbnl</name>
         <value>0x7b38</value>
         <object_component_ref idref="oc-24f"/>
      </symbol>
      <symbol id="sm-826">
         <name>ldexpl</name>
         <value>0x7b38</value>
         <object_component_ref idref="oc-24f"/>
      </symbol>
      <symbol id="sm-827">
         <name>ldexp</name>
         <value>0x7b38</value>
         <object_component_ref idref="oc-24f"/>
      </symbol>
      <symbol id="sm-835">
         <name>strcpy</name>
         <value>0x8964</value>
         <object_component_ref idref="oc-2e5"/>
      </symbol>
      <symbol id="sm-843">
         <name>strlen</name>
         <value>0x8928</value>
         <object_component_ref idref="oc-22b"/>
      </symbol>
      <symbol id="sm-84f">
         <name>__aeabi_uidivmod</name>
         <value>0x87c4</value>
         <object_component_ref idref="oc-23e"/>
      </symbol>
      <symbol id="sm-850">
         <name>__aeabi_uidiv</name>
         <value>0x87c4</value>
         <object_component_ref idref="oc-23e"/>
      </symbol>
      <symbol id="sm-86c">
         <name>__aeabi_uldivmod</name>
         <value>0x6fc0</value>
         <object_component_ref idref="oc-239"/>
      </symbol>
      <symbol id="sm-888">
         <name>__TI_wrt_ok</name>
         <value>0x7c54</value>
         <object_component_ref idref="oc-223"/>
      </symbol>
      <symbol id="sm-889">
         <name>__TI_rd_ok</name>
         <value>0x7cf4</value>
         <object_component_ref idref="oc-223"/>
      </symbol>
      <symbol id="sm-891">
         <name>errno</name>
         <value>0x8001f04</value>
         <object_component_ref idref="oc-2c6"/>
      </symbol>
      <symbol id="sm-8a3">
         <name>fseek</name>
         <value>0x81a4</value>
         <object_component_ref idref="oc-294"/>
      </symbol>
      <symbol id="sm-8ad">
         <name>__aeabi_idiv0</name>
         <value>0x89a0</value>
         <object_component_ref idref="oc-2ab"/>
      </symbol>
      <symbol id="sm-8b9">
         <name>__aeabi_idivmod</name>
         <value>0x8770</value>
         <object_component_ref idref="oc-2b2"/>
      </symbol>
      <symbol id="sm-8ba">
         <name>__aeabi_idiv</name>
         <value>0x8770</value>
         <object_component_ref idref="oc-2b2"/>
      </symbol>
      <symbol id="sm-8c4">
         <name>copysign</name>
         <value>0x8948</value>
         <object_component_ref idref="oc-2c0"/>
      </symbol>
      <symbol id="sm-8c5">
         <name>copysignl</name>
         <value>0x8948</value>
         <object_component_ref idref="oc-2c0"/>
      </symbol>
      <symbol id="sm-8df">
         <name>setvbuf</name>
         <value>0x78b0</value>
         <object_component_ref idref="oc-29a"/>
      </symbol>
      <symbol id="sm-912">
         <name>__TI_cleanup</name>
         <value>0x6e2c</value>
         <object_component_ref idref="oc-2fd"/>
      </symbol>
      <symbol id="sm-913">
         <name>freopen</name>
         <value>0x6e78</value>
         <object_component_ref idref="oc-2fd"/>
      </symbol>
      <symbol id="sm-914">
         <name>fopen</name>
         <value>0x6ec4</value>
         <object_component_ref idref="oc-2fd"/>
      </symbol>
      <symbol id="sm-975">
         <name>_sys_memory</name>
         <value>0x8001500</value>
         <object_component_ref idref="oc-44"/>
      </symbol>
      <symbol id="sm-976">
         <name>free</name>
         <value>0x5364</value>
         <object_component_ref idref="oc-2f7"/>
      </symbol>
      <symbol id="sm-977">
         <name>realloc</name>
         <value>0x54bc</value>
         <object_component_ref idref="oc-2f7"/>
      </symbol>
      <symbol id="sm-978">
         <name>memalign</name>
         <value>0x5650</value>
         <object_component_ref idref="oc-2f7"/>
      </symbol>
      <symbol id="sm-979">
         <name>calloc</name>
         <value>0x5790</value>
         <object_component_ref idref="oc-2f7"/>
      </symbol>
      <symbol id="sm-97a">
         <name>malloc</name>
         <value>0x52a8</value>
         <object_component_ref idref="oc-2f7"/>
      </symbol>
      <symbol id="sm-97b">
         <name>minit</name>
         <value>0x51ac</value>
         <object_component_ref idref="oc-2f7"/>
      </symbol>
      <symbol id="sm-991">
         <name>__TI_closefile</name>
         <value>0x7e78</value>
         <object_component_ref idref="oc-333"/>
      </symbol>
      <symbol id="sm-992">
         <name>fclose</name>
         <value>0x7f24</value>
         <object_component_ref idref="oc-333"/>
      </symbol>
      <symbol id="sm-994">
         <name>__TI_static_base__</name>
         <value>0x0</value>
      </symbol>
      <symbol id="sm-997">
         <name>SHT$$INIT_ARRAY$$Base</name>
         <value>0x0</value>
      </symbol>
      <symbol id="sm-998">
         <name>SHT$$INIT_ARRAY$$Limit</name>
         <value>0x0</value>
      </symbol>
      <symbol id="sm-999">
         <name>remove</name>
         <value>0x5e30</value>
      </symbol>
   </symbol_table>
   <title>Link successful</title>
</link_info>
